{
  "luggages": [
    {
      "luggage_type": "large",
      "weight_in_lbs": 20
    },
    {
      "luggage_type": "medium",
      "weight_in_lbs": 15
    },
    {
      "luggage_type": "medium",
      "weight_in_lbs": 25
    }
  ]
}